../Core/Src/main.c:205:5:main	16	static
../Core/Src/main.c:286:6:SystemClock_Config	88	static
../Core/Src/main.c:329:6:Init_InputPins	32	static
../Core/Src/main.c:363:6:InitFastOutputPins	32	static
../Core/Src/main.c:392:6:GPIO_Init_PA0_PA1_PA6	4	static
../Core/Src/main.c:420:6:HandleMiddleStripState	8	static
../Core/Src/main.c:454:6:HandleLeftStripState	8	static
../Core/Src/main.c:512:6:HandleRightStripState	8	static
../Core/Src/main.c:570:6:UpdateWaveEffect	32	static
../Core/Src/main.c:584:6:UpdateDRLMode	32	static
../Core/Src/main.c:607:6:UpdateHazardBlink	24	static
../Core/Src/main.c:626:6:ResetLEDStrip	24	static
../Core/Src/main.c:635:6:UpdateStartupWaveForMiddle	32	static
../Core/Src/main.c:736:6:BreathingEffect	24	static
../Core/Src/main.c:768:6:UpdateSOCIndication	56	static
../Core/Src/main.c:822:6:SetGPIOHigh	16	static
../Core/Src/main.c:828:6:SetGPIOLow	16	static
../Core/Src/main.c:834:6:HandleHornState	8	static
../Core/Src/main.c:855:6:HandleHeadlampState	8	static
../Core/Src/main.c:888:6:readHazardSwitch	16	static
../Core/Src/main.c:916:6:readSteeringControls	8	static
../Core/Src/main.c:983:6:HAL_TIM_PWM_PulseFinishedCallback	16	static
../Core/Src/main.c:991:6:ADC_Select_CH3	24	static
../Core/Src/main.c:1006:6:ADC_Select_CH4	24	static
../Core/Src/main.c:1021:6:ADC_Select_CH2	24	static
../Core/Src/main.c:1036:6:ADC_Select_CH5	24	static
../Core/Src/main.c:1051:6:ADC_Select_CH7	24	static
../Core/Src/main.c:1066:6:readBrakeSwitch	8	static
../Core/Src/main.c:1083:6:readHorn	8	static
../Core/Src/main.c:1100:6:readReverseGear	16	static
../Core/Src/main.c:1114:5:DebounceHazardPin	32	static
../Core/Src/main.c:1140:9:DetectEdge	32	static
../Core/Src/main.c:1323:6:Error_Handler	4	static,ignoring_inline_asm
