../Core/Src/main.c:235:5:main	16	static
../Core/Src/main.c:316:6:SystemClock_Config	88	static
../Core/Src/main.c:359:6:Init_InputPins	32	static
../Core/Src/main.c:392:6:InitFastOutputPins	32	static
../Core/Src/main.c:422:6:GPIO_Init_PA0_PA1_PA6	4	static
../Core/Src/main.c:449:6:HandleMiddleStripState	8	static
../Core/Src/main.c:494:6:HandleLeftStripState	16	static
../Core/Src/main.c:580:6:HandleRightStripState	16	static
../Core/Src/main.c:666:6:UpdateWaveEffect	32	static
../Core/Src/main.c:681:6:UpdateDRLMode	40	static
../Core/Src/main.c:721:6:UpdateHazardBlink	24	static
../Core/Src/main.c:740:6:ResetLEDStrip	24	static
../Core/Src/main.c:748:6:UpdateStartupWaveForMiddle	40	static
../Core/Src/main.c:871:6:BreathingEffect	24	static
../Core/Src/main.c:902:6:UpdateSOCIndication	56	static
../Core/Src/main.c:955:6:SetGPIOHigh	16	static
../Core/Src/main.c:960:6:SetGPIOLow	16	static
../Core/Src/main.c:965:6:HandleHornState	8	static
../Core/Src/main.c:985:6:HandleHeadlampState	8	static
../Core/Src/main.c:1017:6:readHazardSwitch	16	static
../Core/Src/main.c:1044:6:readSteeringControls	8	static
../Core/Src/main.c:1126:6:HAL_TIM_PWM_PulseFinishedCallback	16	static
../Core/Src/main.c:1133:6:ADC_Select_CH3	24	static
../Core/Src/main.c:1147:6:ADC_Select_CH4	24	static
../Core/Src/main.c:1161:6:ADC_Select_CH2	24	static
../Core/Src/main.c:1203:6:readBrakeSwitch	8	static
../Core/Src/main.c:1213:6:readHorn	8	static
../Core/Src/main.c:1223:6:readReverseGear	8	static
../Core/Src/main.c:1233:5:DebounceHazardPin	32	static
../Core/Src/main.c:1258:9:DetectEdge	32	static
../Core/Src/main.c:1279:6:DebounceInput	32	static
../Core/Src/main.c:1300:6:DebounceFlag	24	static
../Core/Src/main.c:1478:6:Error_Handler	4	static,ignoring_inline_asm
