../Core/Src/main.c:166:5:main	16	static
../Core/Src/main.c:230:6:SystemClock_Config	72	static
../Core/Src/main.c:265:6:GPIO_Init_PA0_PA1_PA6	4	static
../Core/Src/main.c:290:6:HandleMiddleStripState	8	static
../Core/Src/main.c:323:6:HandleLeftStripState	8	static
../Core/Src/main.c:394:6:HandleRightStripState	8	static
../Core/Src/main.c:465:6:UpdateWaveEffect	32	static
../Core/Src/main.c:478:6:UpdateDRLMode	32	static
../Core/Src/main.c:498:6:UpdateHazardBlink	24	static
../Core/Src/main.c:516:6:ResetLEDStrip	24	static
../Core/Src/main.c:523:6:UpdateStartupWaveForMiddle	32	static
../Core/Src/main.c:616:6:UpdateSOCIndication	48	static
../Core/Src/main.c:660:6:SetGPIOHigh	16	static
../Core/Src/main.c:666:6:SetGPIOLow	16	static
../Core/Src/main.c:672:6:HandleHornState	8	static
../Core/Src/main.c:693:6:HandleHeadlampState	8	static
../Core/Src/main.c:728:6:Handle_TestMode	8	static
../Core/Src/main.c:804:6:Error_Handler	4	static,ignoring_inline_asm
