../Core/Src/main.c:155:5:main	16	static
../Core/Src/main.c:219:6:SystemClock_Config	72	static
../Core/Src/main.c:254:6:GPIO_Init_PA0_PA1_PA6	4	static
../Core/Src/main.c:282:6:HandleMiddleStripState	8	static
../Core/Src/main.c:314:6:HandleLeftStripState	8	static
../Core/Src/main.c:377:6:HandleRightStripState	8	static
../Core/Src/main.c:444:6:UpdateWaveEffect	32	static
../Core/Src/main.c:464:6:UpdateDRLMode	24	static
../Core/Src/main.c:487:6:UpdateHazardBlink	24	static
../Core/Src/main.c:512:6:ResetLEDStrip	24	static
../Core/Src/main.c:520:6:UpdateStartupWaveForMiddle	32	static
../Core/Src/main.c:602:6:UpdateSOCIndication	48	static
../Core/Src/main.c:647:6:SetGPIOHigh	16	static
../Core/Src/main.c:653:6:SetGPIOLow	16	static
../Core/Src/main.c:659:6:HandleHornState	8	static
../Core/Src/main.c:680:6:HandleHeadlampState	8	static
../Core/Src/main.c:715:6:Handle_TestMode	8	static
../Core/Src/main.c:791:6:Error_Handler	4	static,ignoring_inline_asm
