../Core/Src/main.c:183:5:main	16	static
../Core/Src/main.c:258:6:SystemClock_Config	72	static
../Core/Src/main.c:293:6:GPIO_Init_PA0_PA1_PA6	4	static
../Core/Src/main.c:318:6:HandleMiddleStripState	8	static
../Core/Src/main.c:352:6:HandleLeftStripState	8	static
../Core/Src/main.c:424:6:HandleRightStripState	8	static
../Core/Src/main.c:496:6:UpdateWaveEffect	32	static
../Core/Src/main.c:509:6:UpdateDRLMode	32	static
../Core/Src/main.c:532:6:UpdateHazardBlink	24	static
../Core/Src/main.c:551:6:ResetLEDStrip	24	static
../Core/Src/main.c:559:6:UpdateStartupWaveForMiddle	32	static
../Core/Src/main.c:651:6:UpdateSOCIndication	56	static
../Core/Src/main.c:705:6:SetGPIOHigh	16	static
../Core/Src/main.c:711:6:SetGPIOLow	16	static
../Core/Src/main.c:717:6:HandleHornState	8	static
../Core/Src/main.c:738:6:HandleHeadlampState	8	static
../Core/Src/main.c:771:6:UART_Init	4	static
../Core/Src/main.c:790:6:UART_Send	16	static
../Core/Src/main.c:797:6:UART_Receive	24	static
../Core/Src/main.c:812:6:ProcessUARTMessage	16	static
../Core/Src/main.c:866:6:UART_ReceiveAndProcess	8	static
../Core/Src/main.c:875:6:HAL_TIM_PWM_PulseFinishedCallback	16	static
../Core/Src/main.c:882:6:BreathingEffect	32	static
../Core/Src/main.c:983:6:Error_Handler	4	static,ignoring_inline_asm
