../Core/Src/main.c:196:5:main	16	static
../Core/Src/main.c:274:6:SystemClock_Config	88	static
../Core/Src/main.c:316:6:GPIO_Init_PA0_PA1_PA6	4	static
../Core/Src/main.c:341:6:HandleMiddleStripState	8	static
../Core/Src/main.c:374:6:HandleLeftStripState	8	static
../Core/Src/main.c:431:6:HandleRightStripState	8	static
../Core/Src/main.c:488:6:UpdateWaveEffect	32	static
../Core/Src/main.c:501:6:UpdateDRLMode	32	static
../Core/Src/main.c:523:6:UpdateHazardBlink	24	static
../Core/Src/main.c:541:6:ResetLEDStrip	24	static
../Core/Src/main.c:549:6:UpdateStartupWaveForMiddle	32	static
../Core/Src/main.c:649:6:BreathingEffect	24	static
../Core/Src/main.c:680:6:UpdateSOCIndication	56	static
../Core/Src/main.c:733:6:SetGPIOHigh	16	static
../Core/Src/main.c:738:6:SetGPIOLow	16	static
../Core/Src/main.c:743:6:HandleHornState	8	static
../Core/Src/main.c:763:6:HandleHeadlampState	8	static
../Core/Src/main.c:795:6:readSteeringControls	8	static
../Core/Src/main.c:871:6:HAL_TIM_PWM_PulseFinishedCallback	16	static
../Core/Src/main.c:878:6:ADC_Select_CH3	24	static
../Core/Src/main.c:892:6:ADC_Select_CH4	24	static
../Core/Src/main.c:906:6:ADC_Select_CH2	24	static
../Core/Src/main.c:920:6:Init_InputPins	32	static
../Core/Src/main.c:947:6:readBrakeSwitch	16	static
../Core/Src/main.c:962:6:readHorn	16	static
../Core/Src/main.c:977:6:readReverseGear	16	static
../Core/Src/main.c:991:9:DebouncePin	32	static
../Core/Src/main.c:1017:6:Handle_TestMode	16	static
../Core/Src/main.c:1174:6:Error_Handler	4	static,ignoring_inline_asm
