../Core/Src/main.c:165:5:main	16	static
../Core/Src/main.c:229:6:SystemClock_Config	72	static
../Core/Src/main.c:264:6:GPIO_Init_PA0_PA1_PA6	4	static
../Core/Src/main.c:289:6:HandleMiddleStripState	8	static
../Core/Src/main.c:322:6:HandleLeftStripState	8	static
../Core/Src/main.c:387:6:HandleRightStripState	8	static
../Core/Src/main.c:460:6:UpdateWaveEffect	32	static
../Core/Src/main.c:474:6:UpdateDRLMode	32	static
../Core/Src/main.c:500:6:UpdateHazardBlink	24	static
../Core/Src/main.c:518:6:ResetLEDStrip	24	static
../Core/Src/main.c:525:6:UpdateStartupWaveForMiddle	32	static
../Core/Src/main.c:617:6:UpdateSOCIndication	48	static
../Core/Src/main.c:661:6:SetGPIOHigh	16	static
../Core/Src/main.c:667:6:SetGPIOLow	16	static
../Core/Src/main.c:673:6:HandleHornState	8	static
../Core/Src/main.c:694:6:HandleHeadlampState	8	static
../Core/Src/main.c:805:6:Error_Handler	4	static,ignoring_inline_asm
