../Core/Src/main.c:183:5:main	16	static
../Core/Src/main.c:258:6:SystemClock_Config	72	static
../Core/Src/main.c:293:6:GPIO_Init_PA0_PA1_PA6	4	static
../Core/Src/main.c:318:6:HandleMiddleStripState	8	static
../Core/Src/main.c:351:6:HandleLeftStripState	8	static
../Core/Src/main.c:408:6:HandleRightStripState	8	static
../Core/Src/main.c:465:6:UpdateWaveEffect	32	static
../Core/Src/main.c:478:6:UpdateDRLMode	32	static
../Core/Src/main.c:500:6:UpdateHazardBlink	24	static
../Core/Src/main.c:518:6:ResetLEDStrip	24	static
../Core/Src/main.c:526:6:UpdateStartupWaveForMiddle	32	static
../Core/Src/main.c:618:6:UpdateSOCIndication	56	static
../Core/Src/main.c:671:6:SetGPIOHigh	16	static
../Core/Src/main.c:676:6:SetGPIOLow	16	static
../Core/Src/main.c:681:6:HandleHornState	8	static
../Core/Src/main.c:701:6:HandleHeadlampState	8	static
../Core/Src/main.c:733:6:UART_Init	4	static
../Core/Src/main.c:751:6:UART_Send	16	static
../Core/Src/main.c:757:6:UART_Receive	24	static
../Core/Src/main.c:771:6:ProcessUARTMessage	16	static
../Core/Src/main.c:824:6:UART_ReceiveAndProcess	8	static
../Core/Src/main.c:832:6:HAL_TIM_PWM_PulseFinishedCallback	16	static
../Core/Src/main.c:839:6:BreathingEffect	32	static
../Core/Src/main.c:871:6:Handle_TestMode	16	static
../Core/Src/main.c:929:6:Error_Handler	4	static,ignoring_inline_asm
