../Core/Src/main.c:165:5:main	16	static
../Core/Src/main.c:229:6:SystemClock_Config	72	static
../Core/Src/main.c:264:6:GPIO_Init_PA0_PA1_PA6	4	static
../Core/Src/main.c:289:6:HandleMiddleStripState	8	static
../Core/Src/main.c:322:6:HandleLeftStripState	8	static
../Core/Src/main.c:389:6:HandleRightStripState	8	static
../Core/Src/main.c:463:6:UpdateWaveEffect	32	static
../Core/Src/main.c:476:6:UpdateDRLMode	32	static
../Core/Src/main.c:502:6:UpdateHazardBlink	24	static
../Core/Src/main.c:520:6:ResetLEDStrip	24	static
../Core/Src/main.c:527:6:UpdateStartupWaveForMiddle	32	static
../Core/Src/main.c:619:6:UpdateSOCIndication	48	static
../Core/Src/main.c:663:6:SetGPIOHigh	16	static
../Core/Src/main.c:669:6:SetGPIOLow	16	static
../Core/Src/main.c:675:6:HandleHornState	8	static
../Core/Src/main.c:696:6:HandleHeadlampState	8	static
../Core/Src/main.c:807:6:Error_Handler	4	static,ignoring_inline_asm
