../Core/Src/main.c:158:5:main	16	static
../Core/Src/main.c:222:6:SystemClock_Config	72	static
../Core/Src/main.c:257:6:GPIO_Init_PA0_PA1_PA6	4	static
../Core/Src/main.c:285:6:HandleMiddleStripState	8	static
../Core/Src/main.c:317:6:HandleLeftStripState	8	static
../Core/Src/main.c:380:6:HandleRightStripState	8	static
../Core/Src/main.c:447:6:UpdateWaveEffect	32	static
../Core/Src/main.c:466:6:UpdateDRLMode	24	static
../Core/Src/main.c:490:6:UpdateHazardBlink	24	static
../Core/Src/main.c:508:6:ResetLEDStrip	24	static
../Core/Src/main.c:515:6:UpdateStartupWaveForMiddle	32	static
../Core/Src/main.c:597:6:UpdateSOCIndication	48	static
../Core/Src/main.c:642:6:SetGPIOHigh	16	static
../Core/Src/main.c:648:6:SetGPIOLow	16	static
../Core/Src/main.c:654:6:HandleHornState	8	static
../Core/Src/main.c:675:6:HandleHeadlampState	8	static
../Core/Src/main.c:710:6:Handle_TestMode	8	static
../Core/Src/main.c:786:6:Error_Handler	4	static,ignoring_inline_asm
