../Core/Src/main.c:233:5:main	16	static
../Core/Src/main.c:314:6:SystemClock_Config	88	static
../Core/Src/main.c:357:6:Init_InputPins	32	static
../Core/Src/main.c:390:6:InitFastOutputPins	32	static
../Core/Src/main.c:420:6:GPIO_Init_PA0_PA1_PA6	4	static
../Core/Src/main.c:447:6:HandleMiddleStripState	8	static
../Core/Src/main.c:492:6:HandleLeftStripState	16	static
../Core/Src/main.c:578:6:HandleRightStripState	16	static
../Core/Src/main.c:664:6:UpdateWaveEffect	32	static
../Core/Src/main.c:679:6:UpdateDRLMode	40	static
../Core/Src/main.c:719:6:UpdateHazardBlink	24	static
../Core/Src/main.c:738:6:ResetLEDStrip	24	static
../Core/Src/main.c:746:6:UpdateStartupWaveForMiddle	40	static
../Core/Src/main.c:869:6:BreathingEffect	24	static
../Core/Src/main.c:900:6:UpdateSOCIndication	56	static
../Core/Src/main.c:953:6:SetGPIOHigh	16	static
../Core/Src/main.c:958:6:SetGPIOLow	16	static
../Core/Src/main.c:963:6:HandleHornState	8	static
../Core/Src/main.c:983:6:HandleHeadlampState	8	static
../Core/Src/main.c:1015:6:readHazardSwitch	16	static
../Core/Src/main.c:1042:6:readSteeringControls	8	static
../Core/Src/main.c:1122:6:HAL_TIM_PWM_PulseFinishedCallback	16	static
../Core/Src/main.c:1129:6:ADC_Select_CH3	24	static
../Core/Src/main.c:1143:6:ADC_Select_CH4	24	static
../Core/Src/main.c:1157:6:ADC_Select_CH2	24	static
../Core/Src/main.c:1199:6:readBrakeSwitch	8	static
../Core/Src/main.c:1209:6:readHorn	8	static
../Core/Src/main.c:1219:6:readReverseGear	8	static
../Core/Src/main.c:1229:5:DebounceHazardPin	32	static
../Core/Src/main.c:1254:9:DetectEdge	32	static
../Core/Src/main.c:1275:6:DebounceInput	32	static
../Core/Src/main.c:1296:6:DebounceFlag	24	static
../Core/Src/main.c:1474:6:Error_Handler	4	static,ignoring_inline_asm
